 run
sh: 1: run: not found
exit status 127
 gcc -g p5final.c
 b a.out
bash: b: command not found
 gdb a.out
GNU gdb (Ubuntu 8.1.1-0ubuntu1) 8.1.1
Copyright (C) 2018 Free Software Foundation, Inc.
License GPLv3+: GNU GPL version 3 or later <http://gnu.org/licenses/gpl.html>
This is free software: you are free to change and redistribute it.
There is NO WARRANTY, to the extent permitted by law.  Type "show copying"
and "show warranty" for details.
This GDB was configured as "x86_64-linux-gnu".
Type "show configuration" for configuration details.
For bug reporting instructions, please see:
<http://www.gnu.org/software/gdb/bugs/>.
Find the GDB manual and other documentation resources online at:
<http://www.gnu.org/software/gdb/documentation/>.
For help, type "help".
Type "apropos word" to search for commands related to "word"...
Reading symbols from a.out...done.
(gdb) b main
Breakpoint 1 at 0x842: file p5final.c, line 27.
(gdb) r
Starting program: /home/runner/IA2-Test1-Session2/a.out 
warning: Error disabling address space randomization: Operation not permitted

Breakpoint 1, main () at p5final.c:27
27      a=input();
(gdb) s
input () at p5final.c:3
3   {
(gdb) n
5       printf("enter two numbers\n");
(gdb) n
enter two numbers
6       scanf("%d",&a);
(gdb) n
12
7       return a;
(gdb) 16
Undefined command: "16".  Try "help".
(gdb) n
8   }
(gdb) n
main () at p5final.c:28
28      b=input();
(gdb) s
input () at p5final.c:3
3   {
(gdb) n
5       printf("enter two numbers\n");
(gdb) n
enter two numbers
6       scanf("%d",&a);
(gdb) n
16
7       return a;
(gdb) n
8   }
(gdb) n
main () at p5final.c:29
29      hcf=gcd(a,b);
(gdb) n
30      output(a,b,hcf);
(gdb) s
output (a=12, b=16, hcf=4) at p5final.c:22
22      printf("gcd of %d and %d is %d",a,b,hcf);
(gdb) n
23  }
(gdb) n
main () at p5final.c:31
31      return 0;
(gdb) n
32  }
(gdb) n
__libc_start_main (main=0x556bfb60083a <main>, argc=1, 
    argv=0x7ffd441ee108, init=<optimized out>, fini=<optimized out>, 
    rtld_fini=<optimized out>, stack_end=0x7ffd441ee0f8)
    at ../csu/libc-start.c:344
344 ../csu/libc-start.c: No such file or directory.
(gdb) n
gcd of 12 and 16 is 4[Inferior 1 (process 31) exited normally]
(gdb) Quit